2026-09-08 07:20:25,396 [INFO] processor.main: client_id MQTT: hyrox-processor-processor-54d87668b6-4msnn-1e9f1e
2026-09-08 07:20:25,423 [INFO] processor.main: Métricas de Prometheus en el puerto 9100
2026-09-08 07:20:25,519 [INFO] processor.main: Procesador iniciado. Esperando mensajes en hyrox/+/biometrics
2026-09-08 07:20:25,528 [INFO] processor.consumer: Conectando al broker MQTT en mosquitto:8883
2026-09-08 07:20:25,644 [INFO] processor.consumer: Conectado al broker. Suscribiendo a $share/processors/hyrox/+/biometrics
2026-09-08 07:20:25,647 [INFO] processor.consumer: Suscripción concedida a $share/processors/hyrox/+/biometrics
2026-09-08 07:20:25,844 [INFO] processor.main: Lecturas persistidas: 50
2026-09-08 07:20:25,978 [INFO] processor.main: Lecturas persistidas: 100
2026-09-08 07:20:26,113 [INFO] processor.main: Lecturas persistidas: 150
2026-09-08 07:20:26,269 [INFO] processor.main: Lecturas persistidas: 200
2026-09-08 07:20:26,387 [INFO] processor.main: Lecturas persistidas: 250
2026-09-08 07:20:26,482 [INFO] processor.main: Lecturas persistidas: 300
2026-09-08 07:20:26,612 [INFO] processor.main: Lecturas persistidas: 350
2026-09-08 07:20:26,750 [INFO] processor.main: Lecturas persistidas: 400
2026-09-08 07:20:26,876 [INFO] processor.main: Lecturas persistidas: 450
2026-09-08 07:20:27,019 [INFO] processor.main: Lecturas persistidas: 500
2026-09-08 07:20:27,326 [INFO] processor.main: Lecturas persistidas: 550
2026-09-08 07:20:27,401 [INFO] processor.main: Lecturas persistidas: 600
2026-09-08 07:20:27,473 [INFO] processor.main: Lecturas persistidas: 650
2026-09-08 07:20:27,604 [INFO] processor.main: Lecturas persistidas: 700
2026-09-08 07:20:27,733 [INFO] processor.main: Lecturas persistidas: 750
2026-09-08 07:20:27,921 [INFO] processor.main: Lecturas persistidas: 800
2026-09-08 07:20:28,368 [INFO] processor.main: Lecturas persistidas: 850
2026-09-08 07:20:28,493 [INFO] processor.main: Lecturas persistidas: 900
2026-09-08 07:20:28,586 [INFO] processor.main: Lecturas persistidas: 950
2026-09-08 07:20:28,686 [INFO] processor.main: Lecturas persistidas: 1000
2026-09-08 07:20:28,772 [INFO] processor.main: Lecturas persistidas: 1050
2026-09-08 07:20:28,848 [INFO] processor.main: Lecturas persistidas: 1100
2026-09-08 07:20:28,922 [INFO] processor.main: Lecturas persistidas: 1150
2026-09-08 07:20:28,987 [INFO] processor.main: Lecturas persistidas: 1200
2026-09-08 07:20:29,049 [INFO] processor.main: Lecturas persistidas: 1250
2026-09-08 07:20:29,123 [INFO] processor.main: Lecturas persistidas: 1300
2026-09-08 07:20:29,188 [INFO] processor.main: Lecturas persistidas: 1350
2026-09-08 07:20:29,252 [INFO] processor.main: Lecturas persistidas: 1400
2026-09-08 07:20:29,301 [INFO] processor.main: Lecturas persistidas: 1450
2026-09-08 07:20:29,389 [INFO] processor.main: Lecturas persistidas: 1500
2026-09-08 07:20:29,532 [INFO] processor.main: Lecturas persistidas: 1550
2026-09-08 07:20:29,653 [INFO] processor.main: Lecturas persistidas: 1600
2026-09-08 07:20:29,785 [INFO] processor.main: Lecturas persistidas: 1650
2026-09-08 07:20:29,936 [INFO] processor.main: Lecturas persistidas: 1700
2026-09-08 07:20:30,048 [INFO] processor.main: Lecturas persistidas: 1750
2026-09-08 07:20:30,175 [INFO] processor.main: Lecturas persistidas: 1800
2026-09-08 07:20:30,307 [INFO] processor.main: Lecturas persistidas: 1850
2026-09-08 07:20:30,426 [INFO] processor.main: Lecturas persistidas: 1900
2026-09-08 07:20:30,528 [INFO] processor.main: Lecturas persistidas: 1950
2026-09-08 07:20:30,693 [INFO] processor.main: Lecturas persistidas: 2000
2026-09-08 07:20:30,827 [INFO] processor.main: Lecturas persistidas: 2050
2026-09-08 07:20:30,961 [INFO] processor.main: Lecturas persistidas: 2100
2026-09-08 07:20:31,107 [INFO] processor.main: Lecturas persistidas: 2150
2026-09-08 07:20:31,227 [INFO] processor.main: Lecturas persistidas: 2200
2026-09-08 07:20:31,341 [INFO] processor.main: Lecturas persistidas: 2250
2026-09-08 07:20:31,464 [INFO] processor.main: Lecturas persistidas: 2300
2026-09-08 07:20:31,589 [INFO] processor.main: Lecturas persistidas: 2350
2026-09-08 07:20:31,791 [INFO] processor.main: Lecturas persistidas: 2400
2026-09-08 07:20:31,877 [INFO] processor.main: Lecturas persistidas: 2450
2026-09-08 07:20:31,963 [INFO] processor.main: Lecturas persistidas: 2500
2026-09-08 07:20:32,101 [INFO] processor.main: Lecturas persistidas: 2550
2026-09-08 07:20:32,238 [INFO] processor.main: Lecturas persistidas: 2600
2026-09-08 07:20:32,342 [INFO] processor.main: Lecturas persistidas: 2650
2026-09-08 07:20:32,403 [INFO] processor.main: Lecturas persistidas: 2700
2026-09-08 07:20:32,544 [INFO] processor.main: Lecturas persistidas: 2750
2026-09-08 07:20:32,712 [INFO] processor.main: Lecturas persistidas: 2800
2026-09-08 07:20:32,814 [INFO] processor.main: Lecturas persistidas: 2850
2026-09-08 07:20:32,906 [INFO] processor.main: Lecturas persistidas: 2900
2026-09-08 07:20:33,055 [INFO] processor.main: Lecturas persistidas: 2950
2026-09-08 07:20:33,178 [INFO] processor.main: Lecturas persistidas: 3000
2026-09-08 07:20:33,287 [INFO] processor.main: Lecturas persistidas: 3050
2026-09-08 07:20:33,396 [INFO] processor.main: Lecturas persistidas: 3100
2026-09-08 07:20:33,545 [INFO] processor.main: Lecturas persistidas: 3150
2026-09-08 07:20:33,653 [INFO] processor.main: Lecturas persistidas: 3200
2026-09-08 07:20:33,800 [INFO] processor.main: Lecturas persistidas: 3250
2026-09-08 07:20:33,943 [INFO] processor.main: Lecturas persistidas: 3300
2026-09-08 07:20:34,055 [INFO] processor.main: Lecturas persistidas: 3350
2026-09-08 07:20:34,176 [INFO] processor.main: Lecturas persistidas: 3400
2026-09-08 07:20:34,293 [INFO] processor.main: Lecturas persistidas: 3450
2026-09-08 07:20:34,415 [INFO] processor.main: Lecturas persistidas: 3500
2026-09-08 07:20:34,539 [INFO] processor.main: Lecturas persistidas: 3550
2026-09-08 07:20:34,656 [INFO] processor.main: Lecturas persistidas: 3600
2026-09-08 07:20:34,804 [INFO] processor.main: Lecturas persistidas: 3650
2026-09-08 07:20:34,920 [INFO] processor.main: Lecturas persistidas: 3700
2026-09-08 07:20:35,046 [INFO] processor.main: Lecturas persistidas: 3750
2026-09-08 07:20:35,187 [INFO] processor.main: Lecturas persistidas: 3800
2026-09-08 07:20:35,330 [INFO] processor.main: Lecturas persistidas: 3850
2026-09-08 07:20:35,435 [INFO] processor.main: Lecturas persistidas: 3900
{"kind": "metrics", "tag": "", "client_id": "hyrox-processor-processor-54d87668b6-4msnn-1e9f1e", "ts": "2026-09-08T07:20:35.536973+00:00", "window_s": 10.14, "consumed": 3936, "acked": 3813, "errors": 0, "thr_consumed_s": 388.2, "thr_acked_s": 376.0, "lat_transport_ms": {"n": 3936, "mean": 343.49, "p50": 284.92, "p95": 745.46, "p99": 824.34, "max": 856.75}, "lat_persist_ms": {"n": 3813, "mean": 366.4, "p50": 366.87, "p95": 596.6, "p99": 654.85, "max": 736.14}, "total_consumed": 3936, "total_acked": 3813, "total_errors": 0}
2026-09-08 07:20:35,579 [INFO] processor.main: Lecturas persistidas: 3950
2026-09-08 07:20:35,763 [INFO] processor.main: Lecturas persistidas: 4000
2026-09-08 07:20:35,871 [INFO] processor.main: Lecturas persistidas: 4050
2026-09-08 07:20:35,947 [INFO] processor.main: Lecturas persistidas: 4100
2026-09-08 07:20:36,033 [INFO] processor.main: Lecturas persistidas: 4150
2026-09-08 07:20:36,136 [INFO] processor.main: Lecturas persistidas: 4200
2026-09-08 07:20:36,281 [INFO] processor.main: Lecturas persistidas: 4250
2026-09-08 07:20:36,402 [INFO] processor.main: Lecturas persistidas: 4300
2026-09-08 07:20:36,551 [INFO] processor.main: Lecturas persistidas: 4350
2026-09-08 07:20:36,711 [INFO] processor.main: Lecturas persistidas: 4400
2026-09-08 07:20:36,812 [INFO] processor.main: Lecturas persistidas: 4450
2026-09-08 07:20:36,918 [INFO] processor.main: Lecturas persistidas: 4500
2026-09-08 07:20:37,083 [INFO] processor.main: Lecturas persistidas: 4550
2026-09-08 07:20:37,209 [INFO] processor.main: Lecturas persistidas: 4600
2026-09-08 07:20:37,300 [INFO] processor.main: Lecturas persistidas: 4650
2026-09-08 07:20:37,434 [INFO] processor.main: Lecturas persistidas: 4700
2026-09-08 07:20:37,562 [INFO] processor.main: Lecturas persistidas: 4750
2026-09-08 07:20:37,662 [INFO] processor.main: Lecturas persistidas: 4800
2026-09-08 07:20:37,807 [INFO] processor.main: Lecturas persistidas: 4850
2026-09-08 07:20:37,924 [INFO] processor.main: Lecturas persistidas: 4900
2026-09-08 07:20:38,065 [INFO] processor.main: Lecturas persistidas: 4950
2026-09-08 07:20:38,187 [INFO] processor.main: Lecturas persistidas: 5000
2026-09-08 07:20:38,311 [INFO] processor.main: Lecturas persistidas: 5050
2026-09-08 07:20:38,536 [INFO] processor.main: Lecturas persistidas: 5100
2026-09-08 07:20:38,630 [INFO] processor.main: Lecturas persistidas: 5150
2026-09-08 07:20:38,971 [INFO] processor.main: Lecturas persistidas: 5200
2026-09-08 07:20:39,294 [INFO] processor.main: Lecturas persistidas: 5250
2026-09-08 07:20:39,372 [INFO] processor.main: Lecturas persistidas: 5300
2026-09-08 07:20:39,545 [INFO] processor.main: Lecturas persistidas: 5350
2026-09-08 07:20:39,639 [INFO] processor.main: Lecturas persistidas: 5400
2026-09-08 07:20:39,715 [INFO] processor.main: Lecturas persistidas: 5450
2026-09-08 07:20:39,796 [INFO] processor.main: Lecturas persistidas: 5500
2026-09-08 07:20:39,873 [INFO] processor.main: Lecturas persistidas: 5550
2026-09-08 07:20:39,968 [INFO] processor.main: Lecturas persistidas: 5600
2026-09-08 07:20:40,078 [INFO] processor.main: Lecturas persistidas: 5650
2026-09-08 07:20:40,156 [INFO] processor.main: Lecturas persistidas: 5700
2026-09-08 07:20:40,222 [INFO] processor.main: Lecturas persistidas: 5750
2026-09-08 07:20:40,276 [INFO] processor.main: Lecturas persistidas: 5800
2026-09-08 07:20:40,346 [INFO] processor.main: Lecturas persistidas: 5850
2026-09-08 07:20:40,444 [INFO] processor.main: Lecturas persistidas: 5900
2026-09-08 07:20:40,530 [INFO] processor.main: Lecturas persistidas: 5950
2026-09-08 07:20:40,660 [INFO] processor.main: Lecturas persistidas: 6000
2026-09-08 07:20:40,868 [INFO] processor.main: Lecturas persistidas: 6050
2026-09-08 07:20:41,001 [INFO] processor.main: Lecturas persistidas: 6100
2026-09-08 07:20:41,092 [INFO] processor.main: Lecturas persistidas: 6150
2026-09-08 07:20:41,191 [INFO] processor.main: Lecturas persistidas: 6200
2026-09-08 07:20:41,306 [INFO] processor.main: Lecturas persistidas: 6250
2026-09-08 07:20:41,448 [INFO] processor.main: Lecturas persistidas: 6300
2026-09-08 07:20:41,567 [INFO] processor.main: Lecturas persistidas: 6350
2026-09-08 07:20:41,645 [INFO] processor.main: Lecturas persistidas: 6400
2026-09-08 07:20:41,796 [INFO] processor.main: Lecturas persistidas: 6450
2026-09-08 07:20:41,908 [INFO] processor.main: Lecturas persistidas: 6500
2026-09-08 07:20:42,050 [INFO] processor.main: Lecturas persistidas: 6550
2026-09-08 07:20:42,161 [INFO] processor.main: Lecturas persistidas: 6600
2026-09-08 07:20:42,297 [INFO] processor.main: Lecturas persistidas: 6650
2026-09-08 07:20:42,429 [INFO] processor.main: Lecturas persistidas: 6700
2026-09-08 07:20:42,579 [INFO] processor.main: Lecturas persistidas: 6750
2026-09-08 07:20:42,710 [INFO] processor.main: Lecturas persistidas: 6800
2026-09-08 07:20:42,781 [INFO] processor.main: Lecturas persistidas: 6850
2026-09-08 07:20:42,900 [INFO] processor.main: Lecturas persistidas: 6900
2026-09-08 07:20:43,037 [INFO] processor.main: Lecturas persistidas: 6950
2026-09-08 07:20:43,170 [INFO] processor.main: Lecturas persistidas: 7000
2026-09-08 07:20:43,290 [INFO] processor.main: Lecturas persistidas: 7050
2026-09-08 07:20:43,408 [INFO] processor.main: Lecturas persistidas: 7100
2026-09-08 07:20:43,562 [INFO] processor.main: Lecturas persistidas: 7150
2026-09-08 07:20:43,634 [INFO] processor.main: Lecturas persistidas: 7200
2026-09-08 07:20:43,792 [INFO] processor.main: Lecturas persistidas: 7250
2026-09-08 07:20:43,947 [INFO] processor.main: Lecturas persistidas: 7300
2026-09-08 07:20:44,105 [INFO] processor.main: Lecturas persistidas: 7350
2026-09-08 07:20:44,184 [INFO] processor.main: Lecturas persistidas: 7400
2026-09-08 07:20:44,315 [INFO] processor.main: Lecturas persistidas: 7450
2026-09-08 07:20:44,418 [INFO] processor.main: Lecturas persistidas: 7500
2026-09-08 07:20:44,571 [INFO] processor.main: Lecturas persistidas: 7550
2026-09-08 07:20:44,708 [INFO] processor.main: Lecturas persistidas: 7600
2026-09-08 07:20:44,851 [INFO] processor.main: Lecturas persistidas: 7650
2026-09-08 07:20:44,978 [INFO] processor.main: Lecturas persistidas: 7700
2026-09-08 07:20:45,116 [INFO] processor.main: Lecturas persistidas: 7750
2026-09-08 07:20:45,372 [INFO] processor.main: Lecturas persistidas: 7800
2026-09-08 07:20:45,524 [INFO] processor.main: Lecturas persistidas: 7850
{"kind": "metrics", "tag": "", "client_id": "hyrox-processor-processor-54d87668b6-4msnn-1e9f1e", "ts": "2026-09-08T07:20:45.558258+00:00", "window_s": 10.018, "consumed": 3931, "acked": 4022, "errors": 0, "thr_consumed_s": 392.4, "thr_acked_s": 401.5, "lat_transport_ms": {"n": 3931, "mean": 325.33, "p50": 271.49, "p95": 678.74, "p99": 737.11, "max": 772.57}, "lat_persist_ms": {"n": 4022, "mean": 395.06, "p50": 393.17, "p95": 643.61, "p99": 696.07, "max": 747.08}, "total_consumed": 7867, "total_acked": 7835, "total_errors": 0}
2026-09-08 07:20:45,608 [INFO] processor.main: Lecturas persistidas: 7900
2026-09-08 07:20:45,754 [INFO] processor.main: Lecturas persistidas: 7950
2026-09-08 07:20:45,838 [INFO] processor.main: Lecturas persistidas: 8000
2026-09-08 07:20:45,905 [INFO] processor.main: Lecturas persistidas: 8050
2026-09-08 07:20:45,975 [INFO] processor.main: Lecturas persistidas: 8100
2026-09-08 07:20:46,070 [INFO] processor.main: Lecturas persistidas: 8150
2026-09-08 07:20:46,165 [INFO] processor.main: Lecturas persistidas: 8200
2026-09-08 07:20:46,295 [INFO] processor.main: Lecturas persistidas: 8250
2026-09-08 07:20:46,402 [INFO] processor.main: Lecturas persistidas: 8300
2026-09-08 07:20:46,558 [INFO] processor.main: Lecturas persistidas: 8350
2026-09-08 07:20:46,670 [INFO] processor.main: Lecturas persistidas: 8400
2026-09-08 07:20:46,802 [INFO] processor.main: Lecturas persistidas: 8450
2026-09-08 07:20:46,937 [INFO] processor.main: Lecturas persistidas: 8500
2026-09-08 07:20:47,082 [INFO] processor.main: Lecturas persistidas: 8550
2026-09-08 07:20:47,225 [INFO] processor.main: Lecturas persistidas: 8600
2026-09-08 07:20:47,332 [INFO] processor.main: Lecturas persistidas: 8650
2026-09-08 07:20:47,460 [INFO] processor.main: Lecturas persistidas: 8700
2026-09-08 07:20:47,611 [INFO] processor.main: Lecturas persistidas: 8750
2026-09-08 07:20:47,716 [INFO] processor.main: Lecturas persistidas: 8800
2026-09-08 07:20:47,847 [INFO] processor.main: Lecturas persistidas: 8850
2026-09-08 07:20:48,100 [INFO] processor.main: Lecturas persistidas: 8900
2026-09-08 07:20:48,186 [INFO] processor.main: Lecturas persistidas: 8950
2026-09-08 07:20:48,264 [INFO] processor.main: Lecturas persistidas: 9000
2026-09-08 07:20:48,335 [INFO] processor.main: Lecturas persistidas: 9050
2026-09-08 07:20:48,413 [INFO] processor.main: Lecturas persistidas: 9100
2026-09-08 07:20:48,605 [INFO] processor.main: Lecturas persistidas: 9150
2026-09-08 07:20:48,719 [INFO] processor.main: Lecturas persistidas: 9200
2026-09-08 07:20:48,916 [INFO] processor.main: Lecturas persistidas: 9250
2026-09-08 07:20:49,025 [INFO] processor.main: Lecturas persistidas: 9300
2026-09-08 07:20:49,171 [INFO] processor.main: Lecturas persistidas: 9350
2026-09-08 07:20:49,348 [INFO] processor.main: Lecturas persistidas: 9400
2026-09-08 07:20:49,460 [INFO] processor.main: Lecturas persistidas: 9450
2026-09-08 07:20:49,581 [INFO] processor.main: Lecturas persistidas: 9500
2026-09-08 07:20:49,720 [INFO] processor.main: Lecturas persistidas: 9550
2026-09-08 07:20:49,875 [INFO] processor.main: Lecturas persistidas: 9600
2026-09-08 07:20:50,061 [INFO] processor.main: Lecturas persistidas: 9650
2026-09-08 07:20:50,219 [INFO] processor.main: Lecturas persistidas: 9700
2026-09-08 07:20:50,301 [INFO] processor.main: Lecturas persistidas: 9750
2026-09-08 07:20:50,366 [INFO] processor.main: Lecturas persistidas: 9800
2026-09-08 07:20:50,448 [INFO] processor.main: Lecturas persistidas: 9850
2026-09-08 07:20:50,517 [INFO] processor.main: Lecturas persistidas: 9900
2026-09-08 07:20:50,577 [INFO] processor.main: Lecturas persistidas: 9950
2026-09-08 07:20:50,687 [INFO] processor.main: Lecturas persistidas: 10000
2026-09-08 07:20:50,797 [INFO] processor.main: Lecturas persistidas: 10050
2026-09-08 07:20:50,928 [INFO] processor.main: Lecturas persistidas: 10100
2026-09-08 07:20:51,061 [INFO] processor.main: Lecturas persistidas: 10150
2026-09-08 07:20:51,248 [INFO] processor.main: Lecturas persistidas: 10200
2026-09-08 07:20:51,413 [INFO] processor.main: Lecturas persistidas: 10250
2026-09-08 07:20:51,568 [INFO] processor.main: Lecturas persistidas: 10300
2026-09-08 07:20:51,812 [INFO] processor.main: Lecturas persistidas: 10350
2026-09-08 07:20:51,968 [INFO] processor.main: Lecturas persistidas: 10400
2026-09-08 07:20:52,287 [INFO] processor.main: Lecturas persistidas: 10450
2026-09-08 07:20:52,357 [INFO] processor.main: Lecturas persistidas: 10500
2026-09-08 07:20:52,424 [INFO] processor.main: Lecturas persistidas: 10550
2026-09-08 07:20:52,483 [INFO] processor.main: Lecturas persistidas: 10600
2026-09-08 07:20:52,556 [INFO] processor.main: Lecturas persistidas: 10650
2026-09-08 07:20:52,622 [INFO] processor.main: Lecturas persistidas: 10700
2026-09-08 07:20:52,731 [INFO] processor.main: Lecturas persistidas: 10750
2026-09-08 07:20:52,899 [INFO] processor.main: Lecturas persistidas: 10800
2026-09-08 07:20:53,008 [INFO] processor.main: Lecturas persistidas: 10850
2026-09-08 07:20:53,133 [INFO] processor.main: Lecturas persistidas: 10900
2026-09-08 07:20:53,290 [INFO] processor.main: Lecturas persistidas: 10950
2026-09-08 07:20:53,415 [INFO] processor.main: Lecturas persistidas: 11000
2026-09-08 07:20:53,552 [INFO] processor.main: Lecturas persistidas: 11050
2026-09-08 07:20:53,626 [INFO] processor.main: Lecturas persistidas: 11100
2026-09-08 07:20:53,696 [INFO] processor.main: Lecturas persistidas: 11150
2026-09-08 07:20:53,766 [INFO] processor.main: Lecturas persistidas: 11200
2026-09-08 07:20:53,860 [INFO] processor.main: Lecturas persistidas: 11250
2026-09-08 07:20:53,929 [INFO] processor.main: Lecturas persistidas: 11300
2026-09-08 07:20:54,042 [INFO] processor.main: Lecturas persistidas: 11350
2026-09-08 07:20:54,205 [INFO] processor.main: Lecturas persistidas: 11400
2026-09-08 07:20:54,331 [INFO] processor.main: Lecturas persistidas: 11450
2026-09-08 07:20:54,474 [INFO] processor.main: Lecturas persistidas: 11500
2026-09-08 07:20:54,592 [INFO] processor.main: Lecturas persistidas: 11550
2026-09-08 07:20:54,746 [INFO] processor.main: Lecturas persistidas: 11600
2026-09-08 07:20:54,869 [INFO] processor.main: Lecturas persistidas: 11650
2026-09-08 07:20:54,955 [INFO] processor.main: Lecturas persistidas: 11700
2026-09-08 07:20:55,046 [INFO] processor.main: Lecturas persistidas: 11750
2026-09-08 07:20:55,159 [INFO] processor.main: Lecturas persistidas: 11800
2026-09-08 07:20:55,296 [INFO] processor.main: Lecturas persistidas: 11850
2026-09-08 07:20:55,423 [INFO] processor.main: Lecturas persistidas: 11900
2026-09-08 07:20:55,535 [INFO] processor.main: Lecturas persistidas: 11950
{"kind": "metrics", "tag": "", "client_id": "hyrox-processor-processor-54d87668b6-4msnn-1e9f1e", "ts": "2026-09-08T07:20:55.562098+00:00", "window_s": 10.002, "consumed": 4093, "acked": 3974, "errors": 0, "thr_consumed_s": 409.2, "thr_acked_s": 397.3, "lat_transport_ms": {"n": 4093, "mean": 365.01, "p50": 339.34, "p95": 564.02, "p99": 715.69, "max": 753.97}, "lat_persist_ms": {"n": 3974, "mean": 375.71, "p50": 374.77, "p95": 590.0, "p99": 648.96, "max": 722.99}, "total_consumed": 11960, "total_acked": 11809, "total_errors": 0}
2026-09-08 07:20:55,668 [INFO] processor.main: Lecturas persistidas: 12000
2026-09-08 07:20:55,787 [INFO] processor.main: Lecturas persistidas: 12050
2026-09-08 07:20:55,903 [INFO] processor.main: Lecturas persistidas: 12100
2026-09-08 07:20:56,043 [INFO] processor.main: Lecturas persistidas: 12150
2026-09-08 07:20:56,153 [INFO] processor.main: Lecturas persistidas: 12200
2026-09-08 07:20:56,299 [INFO] processor.main: Lecturas persistidas: 12250
2026-09-08 07:20:56,430 [INFO] processor.main: Lecturas persistidas: 12300
2026-09-08 07:20:56,538 [INFO] processor.main: Lecturas persistidas: 12350
2026-09-08 07:20:56,647 [INFO] processor.main: Lecturas persistidas: 12400
2026-09-08 07:20:56,799 [INFO] processor.main: Lecturas persistidas: 12450
2026-09-08 07:20:56,907 [INFO] processor.main: Lecturas persistidas: 12500
2026-09-08 07:20:57,044 [INFO] processor.main: Lecturas persistidas: 12550
2026-09-08 07:20:57,177 [INFO] processor.main: Lecturas persistidas: 12600
2026-09-08 07:20:57,303 [INFO] processor.main: Lecturas persistidas: 12650
2026-09-08 07:20:57,397 [INFO] processor.main: Lecturas persistidas: 12700
2026-09-08 07:20:57,550 [INFO] processor.main: Lecturas persistidas: 12750
2026-09-08 07:20:57,689 [INFO] processor.main: Lecturas persistidas: 12800
2026-09-08 07:20:57,909 [INFO] processor.main: Lecturas persistidas: 12850
2026-09-08 07:20:58,038 [INFO] processor.main: Lecturas persistidas: 12900
2026-09-08 07:20:58,190 [INFO] processor.main: Lecturas persistidas: 12950
2026-09-08 07:20:58,317 [INFO] processor.main: Lecturas persistidas: 13000
2026-09-08 07:20:58,419 [INFO] processor.main: Lecturas persistidas: 13050
2026-09-08 07:20:58,553 [INFO] processor.main: Lecturas persistidas: 13100
2026-09-08 07:20:58,677 [INFO] processor.main: Lecturas persistidas: 13150
2026-09-08 07:20:58,794 [INFO] processor.main: Lecturas persistidas: 13200
2026-09-08 07:20:58,908 [INFO] processor.main: Lecturas persistidas: 13250
2026-09-08 07:20:59,039 [INFO] processor.main: Lecturas persistidas: 13300
2026-09-08 07:20:59,154 [INFO] processor.main: Lecturas persistidas: 13350
2026-09-08 07:20:59,421 [INFO] processor.main: Lecturas persistidas: 13400
2026-09-08 07:20:59,527 [INFO] processor.main: Lecturas persistidas: 13450
2026-09-08 07:20:59,580 [INFO] processor.main: Lecturas persistidas: 13500
2026-09-08 07:20:59,680 [INFO] processor.main: Lecturas persistidas: 13550
2026-09-08 07:20:59,932 [INFO] processor.main: Lecturas persistidas: 13600
2026-09-08 07:21:00,066 [INFO] processor.main: Lecturas persistidas: 13650
2026-09-08 07:21:00,180 [INFO] processor.main: Lecturas persistidas: 13700
2026-09-08 07:21:00,316 [INFO] processor.main: Lecturas persistidas: 13750
2026-09-08 07:21:00,424 [INFO] processor.main: Lecturas persistidas: 13800
2026-09-08 07:21:00,523 [INFO] processor.main: Lecturas persistidas: 13850
2026-09-08 07:21:00,663 [INFO] processor.main: Lecturas persistidas: 13900
2026-09-08 07:21:00,833 [INFO] processor.main: Lecturas persistidas: 13950
2026-09-08 07:21:01,015 [INFO] processor.main: Lecturas persistidas: 14000
2026-09-08 07:21:01,164 [INFO] processor.main: Lecturas persistidas: 14050
2026-09-08 07:21:01,312 [INFO] processor.main: Lecturas persistidas: 14100
2026-09-08 07:21:01,428 [INFO] processor.main: Lecturas persistidas: 14150
2026-09-08 07:21:01,527 [INFO] processor.main: Lecturas persistidas: 14200
2026-09-08 07:21:01,602 [INFO] processor.main: Lecturas persistidas: 14250
2026-09-08 07:21:01,669 [INFO] processor.main: Lecturas persistidas: 14300
2026-09-08 07:21:01,735 [INFO] processor.main: Lecturas persistidas: 14350
2026-09-08 07:21:01,799 [INFO] processor.main: Lecturas persistidas: 14400
2026-09-08 07:21:01,839 [INFO] processor.main: Lecturas persistidas: 14450
2026-09-08 07:21:01,893 [INFO] processor.main: Lecturas persistidas: 14500
2026-09-08 07:21:02,035 [INFO] processor.main: Lecturas persistidas: 14550
2026-09-08 07:21:02,144 [INFO] processor.main: Lecturas persistidas: 14600
2026-09-08 07:21:02,293 [INFO] processor.main: Lecturas persistidas: 14650
2026-09-08 07:21:02,397 [INFO] processor.main: Lecturas persistidas: 14700
2026-09-08 07:21:02,542 [INFO] processor.main: Lecturas persistidas: 14750
2026-09-08 07:21:02,684 [INFO] processor.main: Lecturas persistidas: 14800
2026-09-08 07:21:02,825 [INFO] processor.main: Lecturas persistidas: 14850
2026-09-08 07:21:02,936 [INFO] processor.main: Lecturas persistidas: 14900
2026-09-08 07:21:03,039 [INFO] processor.main: Lecturas persistidas: 14950
2026-09-08 07:21:03,166 [INFO] processor.main: Lecturas persistidas: 15000
2026-09-08 07:21:03,289 [INFO] processor.main: Lecturas persistidas: 15050
2026-09-08 07:21:03,409 [INFO] processor.main: Lecturas persistidas: 15100
2026-09-08 07:21:03,537 [INFO] processor.main: Lecturas persistidas: 15150
2026-09-08 07:21:03,656 [INFO] processor.main: Lecturas persistidas: 15200
2026-09-08 07:21:03,790 [INFO] processor.main: Lecturas persistidas: 15250
2026-09-08 07:21:03,922 [INFO] processor.main: Lecturas persistidas: 15300
2026-09-08 07:21:04,049 [INFO] processor.main: Lecturas persistidas: 15350
2026-09-08 07:21:04,160 [INFO] processor.main: Lecturas persistidas: 15400
2026-09-08 07:21:04,298 [INFO] processor.main: Lecturas persistidas: 15450
2026-09-08 07:21:04,479 [INFO] processor.main: Lecturas persistidas: 15500
2026-09-08 07:21:04,648 [INFO] processor.main: Lecturas persistidas: 15550
2026-09-08 07:21:04,774 [INFO] processor.main: Lecturas persistidas: 15600
2026-09-08 07:21:04,909 [INFO] processor.main: Lecturas persistidas: 15650
2026-09-08 07:21:05,057 [INFO] processor.main: Lecturas persistidas: 15700
2026-09-08 07:21:05,145 [INFO] processor.main: Lecturas persistidas: 15750
2026-09-08 07:21:05,241 [INFO] processor.main: Lecturas persistidas: 15800
2026-09-08 07:21:05,340 [INFO] processor.main: Lecturas persistidas: 15850
2026-09-08 07:21:05,426 [INFO] processor.main: Lecturas persistidas: 15900
2026-09-08 07:21:05,543 [INFO] processor.main: Lecturas persistidas: 15950
{"kind": "metrics", "tag": "", "client_id": "hyrox-processor-processor-54d87668b6-4msnn-1e9f1e", "ts": "2026-09-08T07:21:05.567203+00:00", "window_s": 10.002, "consumed": 3996, "acked": 4105, "errors": 0, "thr_consumed_s": 399.5, "thr_acked_s": 410.4, "lat_transport_ms": {"n": 3996, "mean": 343.01, "p50": 288.71, "p95": 591.84, "p99": 637.95, "max": 668.51}, "lat_persist_ms": {"n": 4105, "mean": 374.49, "p50": 371.22, "p95": 616.2, "p99": 666.58, "max": 717.37}, "total_consumed": 15956, "total_acked": 15914, "total_errors": 0}
2026-09-08 07:21:05,679 [INFO] processor.main: Lecturas persistidas: 16000
2026-09-08 07:21:05,953 [INFO] processor.main: Lecturas persistidas: 16050
2026-09-08 07:21:06,061 [INFO] processor.main: Lecturas persistidas: 16100
2026-09-08 07:21:06,227 [INFO] processor.main: Lecturas persistidas: 16150
2026-09-08 07:21:06,288 [INFO] processor.main: Lecturas persistidas: 16200
2026-09-08 07:21:06,344 [INFO] processor.main: Lecturas persistidas: 16250
2026-09-08 07:21:06,430 [INFO] processor.main: Lecturas persistidas: 16300
2026-09-08 07:21:06,543 [INFO] processor.main: Lecturas persistidas: 16350
2026-09-08 07:21:06,659 [INFO] processor.main: Lecturas persistidas: 16400
2026-09-08 07:21:06,823 [INFO] processor.main: Lecturas persistidas: 16450
2026-09-08 07:21:06,961 [INFO] processor.main: Lecturas persistidas: 16500
2026-09-08 07:21:07,163 [INFO] processor.main: Lecturas persistidas: 16550
2026-09-08 07:21:07,287 [INFO] processor.main: Lecturas persistidas: 16600
2026-09-08 07:21:07,413 [INFO] processor.main: Lecturas persistidas: 16650
2026-09-08 07:21:07,533 [INFO] processor.main: Lecturas persistidas: 16700
2026-09-08 07:21:07,864 [INFO] processor.main: Lecturas persistidas: 16750
2026-09-08 07:21:08,051 [INFO] processor.main: Lecturas persistidas: 16800
2026-09-08 07:21:08,206 [INFO] processor.main: Lecturas persistidas: 16850
2026-09-08 07:21:08,377 [INFO] processor.main: Lecturas persistidas: 16900
2026-09-08 07:21:08,474 [INFO] processor.main: Lecturas persistidas: 16950
2026-09-08 07:21:08,533 [INFO] processor.main: Lecturas persistidas: 17000
2026-09-08 07:21:08,628 [INFO] processor.main: Lecturas persistidas: 17050
2026-09-08 07:21:08,716 [INFO] processor.main: Lecturas persistidas: 17100
2026-09-08 07:21:08,795 [INFO] processor.main: Lecturas persistidas: 17150
2026-09-08 07:21:08,876 [INFO] processor.main: Lecturas persistidas: 17200
2026-09-08 07:21:08,935 [INFO] processor.main: Lecturas persistidas: 17250
2026-09-08 07:21:08,987 [INFO] processor.main: Lecturas persistidas: 17300
2026-09-08 07:21:09,048 [INFO] processor.main: Lecturas persistidas: 17350
2026-09-08 07:21:09,161 [INFO] processor.main: Lecturas persistidas: 17400
2026-09-08 07:21:09,277 [INFO] processor.main: Lecturas persistidas: 17450
2026-09-08 07:21:09,407 [INFO] processor.main: Lecturas persistidas: 17500
2026-09-08 07:21:09,533 [INFO] processor.main: Lecturas persistidas: 17550
2026-09-08 07:21:09,691 [INFO] processor.main: Lecturas persistidas: 17600
2026-09-08 07:21:09,788 [INFO] processor.main: Lecturas persistidas: 17650
2026-09-08 07:21:09,944 [INFO] processor.main: Lecturas persistidas: 17700
2026-09-08 07:21:10,067 [INFO] processor.main: Lecturas persistidas: 17750
2026-09-08 07:21:10,211 [INFO] processor.main: Lecturas persistidas: 17800
2026-09-08 07:21:10,328 [INFO] processor.main: Lecturas persistidas: 17850
2026-09-08 07:21:10,449 [INFO] processor.main: Lecturas persistidas: 17900
2026-09-08 07:21:10,597 [INFO] processor.main: Lecturas persistidas: 17950
2026-09-08 07:21:10,725 [INFO] processor.main: Lecturas persistidas: 18000
2026-09-08 07:21:10,816 [INFO] processor.main: Lecturas persistidas: 18050
2026-09-08 07:21:10,931 [INFO] processor.main: Lecturas persistidas: 18100
2026-09-08 07:21:11,064 [INFO] processor.main: Lecturas persistidas: 18150
2026-09-08 07:21:11,307 [INFO] processor.main: Lecturas persistidas: 18200
2026-09-08 07:21:11,395 [INFO] processor.main: Lecturas persistidas: 18250
2026-09-08 07:21:11,466 [INFO] processor.main: Lecturas persistidas: 18300
2026-09-08 07:21:11,534 [INFO] processor.main: Lecturas persistidas: 18350
2026-09-08 07:21:11,655 [INFO] processor.main: Lecturas persistidas: 18400
2026-09-08 07:21:11,787 [INFO] processor.main: Lecturas persistidas: 18450
2026-09-08 07:21:11,943 [INFO] processor.main: Lecturas persistidas: 18500
2026-09-08 07:21:12,074 [INFO] processor.main: Lecturas persistidas: 18550
2026-09-08 07:21:12,194 [INFO] processor.main: Lecturas persistidas: 18600
2026-09-08 07:21:12,319 [INFO] processor.main: Lecturas persistidas: 18650
2026-09-08 07:21:12,435 [INFO] processor.main: Lecturas persistidas: 18700
2026-09-08 07:21:12,573 [INFO] processor.main: Lecturas persistidas: 18750
2026-09-08 07:21:12,819 [INFO] processor.main: Lecturas persistidas: 18800
2026-09-08 07:21:12,997 [INFO] processor.main: Lecturas persistidas: 18850
2026-09-08 07:21:13,109 [INFO] processor.main: Lecturas persistidas: 18900
2026-09-08 07:21:13,249 [INFO] processor.main: Lecturas persistidas: 18950
2026-09-08 07:21:13,433 [INFO] processor.main: Lecturas persistidas: 19000
2026-09-08 07:21:13,520 [INFO] processor.main: Lecturas persistidas: 19050
2026-09-08 07:21:13,595 [INFO] processor.main: Lecturas persistidas: 19100
2026-09-08 07:21:13,653 [INFO] processor.main: Lecturas persistidas: 19150
2026-09-08 07:21:13,731 [INFO] processor.main: Lecturas persistidas: 19200
2026-09-08 07:21:13,821 [INFO] processor.main: Lecturas persistidas: 19250
2026-09-08 07:21:13,943 [INFO] processor.main: Lecturas persistidas: 19300
2026-09-08 07:21:14,048 [INFO] processor.main: Lecturas persistidas: 19350
2026-09-08 07:21:14,181 [INFO] processor.main: Lecturas persistidas: 19400
2026-09-08 07:21:14,340 [INFO] processor.main: Lecturas persistidas: 19450
2026-09-08 07:21:14,429 [INFO] processor.main: Lecturas persistidas: 19500
2026-09-08 07:21:14,542 [INFO] processor.main: Lecturas persistidas: 19550
2026-09-08 07:21:14,649 [INFO] processor.main: Lecturas persistidas: 19600
2026-09-08 07:21:14,777 [INFO] processor.main: Lecturas persistidas: 19650
2026-09-08 07:21:14,908 [INFO] processor.main: Lecturas persistidas: 19700
2026-09-08 07:21:15,030 [INFO] processor.main: Lecturas persistidas: 19750
2026-09-08 07:21:15,156 [INFO] processor.main: Lecturas persistidas: 19800
2026-09-08 07:21:15,299 [INFO] processor.main: Lecturas persistidas: 19850
2026-09-08 07:21:15,425 [INFO] processor.main: Lecturas persistidas: 19900
2026-09-08 07:21:15,528 [INFO] processor.main: Lecturas persistidas: 19950
{"kind": "metrics", "tag": "", "client_id": "hyrox-processor-processor-54d87668b6-4msnn-1e9f1e", "ts": "2026-09-08T07:21:15.583636+00:00", "window_s": 10.015, "consumed": 4015, "acked": 3927, "errors": 0, "thr_consumed_s": 400.9, "thr_acked_s": 392.1, "lat_transport_ms": {"n": 4015, "mean": 337.44, "p50": 286.18, "p95": 618.03, "p99": 687.33, "max": 726.44}, "lat_persist_ms": {"n": 3927, "mean": 429.78, "p50": 427.41, "p95": 677.2, "p99": 777.45, "max": 884.98}, "total_consumed": 19971, "total_acked": 19841, "total_errors": 0}
2026-09-08 07:21:15,653 [INFO] processor.main: Lecturas persistidas: 20000
2026-09-08 07:21:15,796 [INFO] processor.main: Lecturas persistidas: 20050
2026-09-08 07:21:15,901 [INFO] processor.main: Lecturas persistidas: 20100
2026-09-08 07:21:16,073 [INFO] processor.main: Lecturas persistidas: 20150
2026-09-08 07:21:16,201 [INFO] processor.main: Lecturas persistidas: 20200
2026-09-08 07:21:16,305 [INFO] processor.main: Lecturas persistidas: 20250
2026-09-08 07:21:16,421 [INFO] processor.main: Lecturas persistidas: 20300
2026-09-08 07:21:16,539 [INFO] processor.main: Lecturas persistidas: 20350
2026-09-08 07:21:16,678 [INFO] processor.main: Lecturas persistidas: 20400
2026-09-08 07:21:16,796 [INFO] processor.main: Lecturas persistidas: 20450
2026-09-08 07:21:16,933 [INFO] processor.main: Lecturas persistidas: 20500
2026-09-08 07:21:17,048 [INFO] processor.main: Lecturas persistidas: 20550
2026-09-08 07:21:17,181 [INFO] processor.main: Lecturas persistidas: 20600
2026-09-08 07:21:17,313 [INFO] processor.main: Lecturas persistidas: 20650
2026-09-08 07:21:17,445 [INFO] processor.main: Lecturas persistidas: 20700
2026-09-08 07:21:17,548 [INFO] processor.main: Lecturas persistidas: 20750
2026-09-08 07:21:17,661 [INFO] processor.main: Lecturas persistidas: 20800
2026-09-08 07:21:17,781 [INFO] processor.main: Lecturas persistidas: 20850
2026-09-08 07:21:17,930 [INFO] processor.main: Lecturas persistidas: 20900
2026-09-08 07:21:18,062 [INFO] processor.main: Lecturas persistidas: 20950
2026-09-08 07:21:18,196 [INFO] processor.main: Lecturas persistidas: 21000
2026-09-08 07:21:18,319 [INFO] processor.main: Lecturas persistidas: 21050
2026-09-08 07:21:18,483 [INFO] processor.main: Lecturas persistidas: 21100
2026-09-08 07:21:18,587 [INFO] processor.main: Lecturas persistidas: 21150
2026-09-08 07:21:18,694 [INFO] processor.main: Lecturas persistidas: 21200
2026-09-08 07:21:18,786 [INFO] processor.main: Lecturas persistidas: 21250
2026-09-08 07:21:18,893 [INFO] processor.main: Lecturas persistidas: 21300
2026-09-08 07:21:19,031 [INFO] processor.main: Lecturas persistidas: 21350
2026-09-08 07:21:19,147 [INFO] processor.main: Lecturas persistidas: 21400
2026-09-08 07:21:19,288 [INFO] processor.main: Lecturas persistidas: 21450
2026-09-08 07:21:19,404 [INFO] processor.main: Lecturas persistidas: 21500
2026-09-08 07:21:19,543 [INFO] processor.main: Lecturas persistidas: 21550
2026-09-08 07:21:19,669 [INFO] processor.main: Lecturas persistidas: 21600
2026-09-08 07:21:19,784 [INFO] processor.main: Lecturas persistidas: 21650
2026-09-08 07:21:19,892 [INFO] processor.main: Lecturas persistidas: 21700
2026-09-08 07:21:20,032 [INFO] processor.main: Lecturas persistidas: 21750
2026-09-08 07:21:20,147 [INFO] processor.main: Lecturas persistidas: 21800
2026-09-08 07:21:20,278 [INFO] processor.main: Lecturas persistidas: 21850
2026-09-08 07:21:20,400 [INFO] processor.main: Lecturas persistidas: 21900
2026-09-08 07:21:20,577 [INFO] processor.main: Lecturas persistidas: 21950
2026-09-08 07:21:20,678 [INFO] processor.main: Lecturas persistidas: 22000
2026-09-08 07:21:20,791 [INFO] processor.main: Lecturas persistidas: 22050
2026-09-08 07:21:20,925 [INFO] processor.main: Lecturas persistidas: 22100
2026-09-08 07:21:21,059 [INFO] processor.main: Lecturas persistidas: 22150
2026-09-08 07:21:21,176 [INFO] processor.main: Lecturas persistidas: 22200
2026-09-08 07:21:21,292 [INFO] processor.main: Lecturas persistidas: 22250
2026-09-08 07:21:21,413 [INFO] processor.main: Lecturas persistidas: 22300
2026-09-08 07:21:21,554 [INFO] processor.main: Lecturas persistidas: 22350
2026-09-08 07:21:21,683 [INFO] processor.main: Lecturas persistidas: 22400
2026-09-08 07:21:21,785 [INFO] processor.main: Lecturas persistidas: 22450
2026-09-08 07:21:21,930 [INFO] processor.main: Lecturas persistidas: 22500
2026-09-08 07:21:22,163 [INFO] processor.main: Lecturas persistidas: 22550
2026-09-08 07:21:22,281 [INFO] processor.main: Lecturas persistidas: 22600
2026-09-08 07:21:22,474 [INFO] processor.main: Lecturas persistidas: 22650
2026-09-08 07:21:22,586 [INFO] processor.main: Lecturas persistidas: 22700
2026-09-08 07:21:22,660 [INFO] processor.main: Lecturas persistidas: 22750
2026-09-08 07:21:22,755 [INFO] processor.main: Lecturas persistidas: 22800
2026-09-08 07:21:22,822 [INFO] processor.main: Lecturas persistidas: 22850
2026-09-08 07:21:22,914 [INFO] processor.main: Lecturas persistidas: 22900
2026-09-08 07:21:23,057 [INFO] processor.main: Lecturas persistidas: 22950
2026-09-08 07:21:23,265 [INFO] processor.main: Lecturas persistidas: 23000
2026-09-08 07:21:23,394 [INFO] processor.main: Lecturas persistidas: 23050
2026-09-08 07:21:23,513 [INFO] processor.main: Lecturas persistidas: 23100
2026-09-08 07:21:23,621 [INFO] processor.main: Lecturas persistidas: 23150
2026-09-08 07:21:23,710 [INFO] processor.main: Lecturas persistidas: 23200
2026-09-08 07:21:23,869 [INFO] processor.main: Lecturas persistidas: 23250
2026-09-08 07:21:24,015 [INFO] processor.main: Lecturas persistidas: 23300
2026-09-08 07:21:24,173 [INFO] processor.main: Lecturas persistidas: 23350
2026-09-08 07:21:24,307 [INFO] processor.main: Lecturas persistidas: 23400
2026-09-08 07:21:24,405 [INFO] processor.main: Lecturas persistidas: 23450
2026-09-08 07:21:24,566 [INFO] processor.main: Lecturas persistidas: 23500
2026-09-08 07:21:24,667 [INFO] processor.main: Lecturas persistidas: 23550
2026-09-08 07:21:24,863 [INFO] processor.main: Lecturas persistidas: 23600
2026-09-08 07:21:24,972 [INFO] processor.main: Lecturas persistidas: 23650
2026-09-08 07:21:25,046 [INFO] processor.main: Lecturas persistidas: 23700
2026-09-08 07:21:25,167 [INFO] processor.main: Lecturas persistidas: 23750
2026-09-08 07:21:25,283 [INFO] processor.main: Lecturas persistidas: 23800
2026-09-08 07:21:25,409 [INFO] processor.main: Lecturas persistidas: 23850
2026-09-08 07:21:25,481 [INFO] processor.main: Lecturas persistidas: 23900
{"kind": "metrics", "tag": "", "client_id": "hyrox-processor-processor-54d87668b6-4msnn-1e9f1e", "ts": "2026-09-08T07:21:25.593124+00:00", "window_s": 10.008, "consumed": 3958, "acked": 3839, "errors": 0, "thr_consumed_s": 395.5, "thr_acked_s": 383.6, "lat_transport_ms": {"n": 3958, "mean": 288.12, "p50": 264.57, "p95": 397.25, "p99": 447.29, "max": 466.85}, "lat_persist_ms": {"n": 3839, "mean": 455.27, "p50": 456.28, "p95": 702.0, "p99": 822.16, "max": 1002.0}, "total_consumed": 23929, "total_acked": 23680, "total_errors": 0}
2026-09-08 07:21:25,725 [INFO] processor.main: Lecturas persistidas: 23950
2026-09-08 07:21:25,924 [INFO] processor.main: Lecturas persistidas: 24000
2026-09-08 07:21:26,033 [INFO] processor.main: Lecturas persistidas: 24050
2026-09-08 07:21:26,096 [INFO] processor.main: Lecturas persistidas: 24100
2026-09-08 07:21:26,221 [INFO] processor.main: Lecturas persistidas: 24150
2026-09-08 07:21:26,320 [INFO] processor.main: Lecturas persistidas: 24200
2026-09-08 07:21:26,400 [INFO] processor.main: Lecturas persistidas: 24250
2026-09-08 07:21:26,473 [INFO] processor.main: Lecturas persistidas: 24300
2026-09-08 07:21:26,548 [INFO] processor.main: Lecturas persistidas: 24350
2026-09-08 07:21:26,655 [INFO] processor.main: Lecturas persistidas: 24400
2026-09-08 07:21:26,798 [INFO] processor.main: Lecturas persistidas: 24450
2026-09-08 07:21:26,939 [INFO] processor.main: Lecturas persistidas: 24500
2026-09-08 07:21:27,059 [INFO] processor.main: Lecturas persistidas: 24550
2026-09-08 07:21:27,187 [INFO] processor.main: Lecturas persistidas: 24600
2026-09-08 07:21:27,310 [INFO] processor.main: Lecturas persistidas: 24650
2026-09-08 07:21:27,452 [INFO] processor.main: Lecturas persistidas: 24700
2026-09-08 07:21:27,579 [INFO] processor.main: Lecturas persistidas: 24750
2026-09-08 07:21:27,730 [INFO] processor.main: Lecturas persistidas: 24800
2026-09-08 07:21:27,854 [INFO] processor.main: Lecturas persistidas: 24850
2026-09-08 07:21:28,035 [INFO] processor.main: Lecturas persistidas: 24900
2026-09-08 07:21:28,181 [INFO] processor.main: Lecturas persistidas: 24950
2026-09-08 07:21:28,390 [INFO] processor.main: Lecturas persistidas: 25000
2026-09-08 07:21:28,606 [INFO] processor.main: Lecturas persistidas: 25050
2026-09-08 07:21:28,715 [INFO] processor.main: Lecturas persistidas: 25100
2026-09-08 07:21:28,872 [INFO] processor.main: Lecturas persistidas: 25150
2026-09-08 07:21:29,024 [INFO] processor.main: Lecturas persistidas: 25200
2026-09-08 07:21:29,170 [INFO] processor.main: Lecturas persistidas: 25250
2026-09-08 07:21:29,351 [INFO] processor.main: Lecturas persistidas: 25300
2026-09-08 07:21:29,471 [INFO] processor.main: Lecturas persistidas: 25350
2026-09-08 07:21:29,569 [INFO] processor.main: Lecturas persistidas: 25400
2026-09-08 07:21:29,721 [INFO] processor.main: Lecturas persistidas: 25450
2026-09-08 07:21:29,806 [INFO] processor.main: Lecturas persistidas: 25500
2026-09-08 07:21:29,868 [INFO] processor.main: Lecturas persistidas: 25550
2026-09-08 07:21:30,004 [INFO] processor.main: Lecturas persistidas: 25600
2026-09-08 07:21:30,109 [INFO] processor.main: Lecturas persistidas: 25650
2026-09-08 07:21:30,256 [INFO] processor.main: Lecturas persistidas: 25700
2026-09-08 07:21:30,324 [INFO] processor.main: Lecturas persistidas: 25750
2026-09-08 07:21:30,417 [INFO] processor.main: Lecturas persistidas: 25800
2026-09-08 07:21:30,560 [INFO] processor.main: Lecturas persistidas: 25850
2026-09-08 07:21:30,679 [INFO] processor.main: Lecturas persistidas: 25900
2026-09-08 07:21:30,972 [INFO] processor.main: Lecturas persistidas: 25950
2026-09-08 07:21:31,198 [INFO] processor.main: Lecturas persistidas: 26000
2026-09-08 07:21:31,317 [INFO] processor.main: Lecturas persistidas: 26050
2026-09-08 07:21:31,444 [INFO] processor.main: Lecturas persistidas: 26100
2026-09-08 07:21:31,569 [INFO] processor.main: Lecturas persistidas: 26150
2026-09-08 07:21:31,708 [INFO] processor.main: Lecturas persistidas: 26200
2026-09-08 07:21:31,899 [INFO] processor.main: Lecturas persistidas: 26250
2026-09-08 07:21:31,980 [INFO] processor.main: Lecturas persistidas: 26300
2026-09-08 07:21:32,060 [INFO] processor.main: Lecturas persistidas: 26350
2026-09-08 07:21:32,153 [INFO] processor.main: Lecturas persistidas: 26400
2026-09-08 07:21:32,220 [INFO] processor.main: Lecturas persistidas: 26450
2026-09-08 07:21:32,319 [INFO] processor.main: Lecturas persistidas: 26500
2026-09-08 07:21:32,427 [INFO] processor.main: Lecturas persistidas: 26550
2026-09-08 07:21:32,517 [INFO] processor.main: Lecturas persistidas: 26600
2026-09-08 07:21:32,623 [INFO] processor.main: Lecturas persistidas: 26650
2026-09-08 07:21:32,689 [INFO] processor.main: Lecturas persistidas: 26700
2026-09-08 07:21:32,769 [INFO] processor.main: Lecturas persistidas: 26750
2026-09-08 07:21:32,835 [INFO] processor.main: Lecturas persistidas: 26800
2026-09-08 07:21:32,916 [INFO] processor.main: Lecturas persistidas: 26850
2026-09-08 07:21:33,061 [INFO] processor.main: Lecturas persistidas: 26900
2026-09-08 07:21:33,201 [INFO] processor.main: Lecturas persistidas: 26950
2026-09-08 07:21:33,326 [INFO] processor.main: Lecturas persistidas: 27000
2026-09-08 07:21:33,418 [INFO] processor.main: Lecturas persistidas: 27050
2026-09-08 07:21:33,565 [INFO] processor.main: Lecturas persistidas: 27100
2026-09-08 07:21:33,760 [INFO] processor.main: Lecturas persistidas: 27150
2026-09-08 07:21:33,930 [INFO] processor.main: Lecturas persistidas: 27200
2026-09-08 07:21:34,064 [INFO] processor.main: Lecturas persistidas: 27250
2026-09-08 07:21:34,130 [INFO] processor.main: Lecturas persistidas: 27300
2026-09-08 07:21:34,265 [INFO] processor.main: Lecturas persistidas: 27350
2026-09-08 07:21:34,377 [INFO] processor.main: Lecturas persistidas: 27400
2026-09-08 07:21:34,558 [INFO] processor.main: Lecturas persistidas: 27450
2026-09-08 07:21:34,670 [INFO] processor.main: Lecturas persistidas: 27500
2026-09-08 07:21:34,735 [INFO] processor.main: Lecturas persistidas: 27550
2026-09-08 07:21:34,820 [INFO] processor.main: Lecturas persistidas: 27600
2026-09-08 07:21:34,894 [INFO] processor.main: Lecturas persistidas: 27650
2026-09-08 07:21:35,258 [INFO] processor.main: Lecturas persistidas: 27700
2026-09-08 07:21:35,373 [INFO] processor.main: Lecturas persistidas: 27750
2026-09-08 07:21:35,456 [INFO] processor.main: Lecturas persistidas: 27800
2026-09-08 07:21:35,504 [INFO] processor.main: Lecturas persistidas: 27850
2026-09-08 07:21:35,570 [INFO] processor.main: Lecturas persistidas: 27900
{"kind": "metrics", "tag": "", "client_id": "hyrox-processor-processor-54d87668b6-4msnn-1e9f1e", "ts": "2026-09-08T07:21:35.597192+00:00", "window_s": 10.002, "consumed": 3995, "acked": 4013, "errors": 0, "thr_consumed_s": 399.4, "thr_acked_s": 401.2, "lat_transport_ms": {"n": 3995, "mean": 505.35, "p50": 499.89, "p95": 777.4, "p99": 823.48, "max": 868.07}, "lat_persist_ms": {"n": 4013, "mean": 448.3, "p50": 447.25, "p95": 707.9, "p99": 758.34, "max": 813.9}, "total_consumed": 27924, "total_acked": 27693, "total_errors": 0}
2026-09-08 07:21:35,629 [INFO] processor.main: Lecturas persistidas: 27950
2026-09-08 07:21:35,691 [INFO] processor.main: Lecturas persistidas: 28000
2026-09-08 07:21:35,788 [INFO] processor.main: Lecturas persistidas: 28050
2026-09-08 07:21:35,899 [INFO] processor.main: Lecturas persistidas: 28100
2026-09-08 07:21:36,022 [INFO] processor.main: Lecturas persistidas: 28150
2026-09-08 07:21:36,141 [INFO] processor.main: Lecturas persistidas: 28200
2026-09-08 07:21:36,284 [INFO] processor.main: Lecturas persistidas: 28250
2026-09-08 07:21:36,415 [INFO] processor.main: Lecturas persistidas: 28300
2026-09-08 07:21:36,536 [INFO] processor.main: Lecturas persistidas: 28350
2026-09-08 07:21:36,718 [INFO] processor.main: Lecturas persistidas: 28400
2026-09-08 07:21:36,896 [INFO] processor.main: Lecturas persistidas: 28450
2026-09-08 07:21:37,070 [INFO] processor.main: Lecturas persistidas: 28500
2026-09-08 07:21:37,161 [INFO] processor.main: Lecturas persistidas: 28550
2026-09-08 07:21:37,266 [INFO] processor.main: Lecturas persistidas: 28600
2026-09-08 07:21:37,376 [INFO] processor.main: Lecturas persistidas: 28650
2026-09-08 07:21:37,493 [INFO] processor.main: Lecturas persistidas: 28700
2026-09-08 07:21:37,640 [INFO] processor.main: Lecturas persistidas: 28750
2026-09-08 07:21:37,705 [INFO] processor.main: Lecturas persistidas: 28800
2026-09-08 07:21:37,889 [INFO] processor.main: Lecturas persistidas: 28850
2026-09-08 07:21:38,012 [INFO] processor.main: Lecturas persistidas: 28900
2026-09-08 07:21:38,087 [INFO] processor.main: Lecturas persistidas: 28950
2026-09-08 07:21:38,256 [INFO] processor.main: Lecturas persistidas: 29000
2026-09-08 07:21:38,362 [INFO] processor.main: Lecturas persistidas: 29050
2026-09-08 07:21:38,516 [INFO] processor.main: Lecturas persistidas: 29100
2026-09-08 07:21:38,593 [INFO] processor.main: Lecturas persistidas: 29150
2026-09-08 07:21:38,664 [INFO] processor.main: Lecturas persistidas: 29200
2026-09-08 07:21:38,795 [INFO] processor.main: Lecturas persistidas: 29250
2026-09-08 07:21:38,927 [INFO] processor.main: Lecturas persistidas: 29300
2026-09-08 07:21:39,107 [INFO] processor.main: Lecturas persistidas: 29350
2026-09-08 07:21:39,200 [INFO] processor.main: Lecturas persistidas: 29400
2026-09-08 07:21:39,280 [INFO] processor.main: Lecturas persistidas: 29450
2026-09-08 07:21:39,397 [INFO] processor.main: Lecturas persistidas: 29500
2026-09-08 07:21:39,531 [INFO] processor.main: Lecturas persistidas: 29550
2026-09-08 07:21:39,674 [INFO] processor.main: Lecturas persistidas: 29600
2026-09-08 07:21:39,790 [INFO] processor.main: Lecturas persistidas: 29650
2026-09-08 07:21:39,901 [INFO] processor.main: Lecturas persistidas: 29700
2026-09-08 07:21:40,025 [INFO] processor.main: Lecturas persistidas: 29750
2026-09-08 07:21:40,179 [INFO] processor.main: Lecturas persistidas: 29800
2026-09-08 07:21:40,271 [INFO] processor.main: Lecturas persistidas: 29850
2026-09-08 07:21:40,410 [INFO] processor.main: Lecturas persistidas: 29900
2026-09-08 07:21:40,574 [INFO] processor.main: Lecturas persistidas: 29950
2026-09-08 07:21:40,683 [INFO] processor.main: Lecturas persistidas: 30000
2026-09-08 07:21:40,789 [INFO] processor.main: Lecturas persistidas: 30050
2026-09-08 07:21:40,958 [INFO] processor.main: Lecturas persistidas: 30100
2026-09-08 07:21:41,062 [INFO] processor.main: Lecturas persistidas: 30150
2026-09-08 07:21:41,198 [INFO] processor.main: Lecturas persistidas: 30200
2026-09-08 07:21:41,323 [INFO] processor.main: Lecturas persistidas: 30250
2026-09-08 07:21:41,392 [INFO] processor.main: Lecturas persistidas: 30300
2026-09-08 07:21:41,540 [INFO] processor.main: Lecturas persistidas: 30350
2026-09-08 07:21:41,641 [INFO] processor.main: Lecturas persistidas: 30400
2026-09-08 07:21:41,789 [INFO] processor.main: Lecturas persistidas: 30450
2026-09-08 07:21:41,905 [INFO] processor.main: Lecturas persistidas: 30500
2026-09-08 07:21:42,047 [INFO] processor.main: Lecturas persistidas: 30550
2026-09-08 07:21:42,184 [INFO] processor.main: Lecturas persistidas: 30600
2026-09-08 07:21:42,299 [INFO] processor.main: Lecturas persistidas: 30650
2026-09-08 07:21:42,422 [INFO] processor.main: Lecturas persistidas: 30700
2026-09-08 07:21:42,542 [INFO] processor.main: Lecturas persistidas: 30750
2026-09-08 07:21:42,651 [INFO] processor.main: Lecturas persistidas: 30800
2026-09-08 07:21:42,785 [INFO] processor.main: Lecturas persistidas: 30850
2026-09-08 07:21:42,928 [INFO] processor.main: Lecturas persistidas: 30900
2026-09-08 07:21:43,072 [INFO] processor.main: Lecturas persistidas: 30950
2026-09-08 07:21:43,176 [INFO] processor.main: Lecturas persistidas: 31000
2026-09-08 07:21:43,323 [INFO] processor.main: Lecturas persistidas: 31050
2026-09-08 07:21:43,429 [INFO] processor.main: Lecturas persistidas: 31100
2026-09-08 07:21:43,527 [INFO] processor.main: Lecturas persistidas: 31150
2026-09-08 07:21:43,638 [INFO] processor.main: Lecturas persistidas: 31200
2026-09-08 07:21:43,769 [INFO] processor.main: Lecturas persistidas: 31250
2026-09-08 07:21:43,884 [INFO] processor.main: Lecturas persistidas: 31300
2026-09-08 07:21:44,020 [INFO] processor.main: Lecturas persistidas: 31350
2026-09-08 07:21:44,170 [INFO] processor.main: Lecturas persistidas: 31400
2026-09-08 07:21:44,315 [INFO] processor.main: Lecturas persistidas: 31450
2026-09-08 07:21:44,415 [INFO] processor.main: Lecturas persistidas: 31500
2026-09-08 07:21:44,530 [INFO] processor.main: Lecturas persistidas: 31550
2026-09-08 07:21:44,671 [INFO] processor.main: Lecturas persistidas: 31600
2026-09-08 07:21:44,792 [INFO] processor.main: Lecturas persistidas: 31650
2026-09-08 07:21:44,926 [INFO] processor.main: Lecturas persistidas: 31700
2026-09-08 07:21:45,077 [INFO] processor.main: Lecturas persistidas: 31750
2026-09-08 07:21:45,225 [INFO] processor.main: Lecturas persistidas: 31800
2026-09-08 07:21:45,388 [INFO] processor.main: Lecturas persistidas: 31850
2026-09-08 07:21:45,544 [INFO] processor.main: Lecturas persistidas: 31900
{"kind": "metrics", "tag": "", "client_id": "hyrox-processor-processor-54d87668b6-4msnn-1e9f1e", "ts": "2026-09-08T07:21:45.602436+00:00", "window_s": 10.004, "consumed": 3993, "acked": 4022, "errors": 0, "thr_consumed_s": 399.1, "thr_acked_s": 402.0, "lat_transport_ms": {"n": 3993, "mean": 269.74, "p50": 254.45, "p95": 360.98, "p99": 386.01, "max": 426.2}, "lat_persist_ms": {"n": 4022, "mean": 484.22, "p50": 481.24, "p95": 738.29, "p99": 840.1, "max": 887.62}, "total_consumed": 31917, "total_acked": 31715, "total_errors": 0}
2026-09-08 07:21:45,729 [INFO] processor.main: Lecturas persistidas: 31950
2026-09-08 07:21:46,072 [INFO] processor.main: Lecturas persistidas: 32000
2026-09-08 07:21:46,216 [INFO] processor.main: Lecturas persistidas: 32050
2026-09-08 07:21:46,311 [INFO] processor.main: Lecturas persistidas: 32100
2026-09-08 07:21:46,405 [INFO] processor.main: Lecturas persistidas: 32150
2026-09-08 07:21:46,494 [INFO] processor.main: Lecturas persistidas: 32200
2026-09-08 07:21:46,587 [INFO] processor.main: Lecturas persistidas: 32250
2026-09-08 07:21:46,693 [INFO] processor.main: Lecturas persistidas: 32300
2026-09-08 07:21:46,780 [INFO] processor.main: Lecturas persistidas: 32350
2026-09-08 07:21:46,880 [INFO] processor.main: Lecturas persistidas: 32400
2026-09-08 07:21:46,971 [INFO] processor.main: Lecturas persistidas: 32450
2026-09-08 07:21:47,072 [INFO] processor.main: Lecturas persistidas: 32500
2026-09-08 07:21:47,195 [INFO] processor.main: Lecturas persistidas: 32550
2026-09-08 07:21:47,279 [INFO] processor.main: Lecturas persistidas: 32600
2026-09-08 07:21:47,357 [INFO] processor.main: Lecturas persistidas: 32650
2026-09-08 07:21:47,500 [INFO] processor.main: Lecturas persistidas: 32700
2026-09-08 07:21:47,628 [INFO] processor.main: Lecturas persistidas: 32750
2026-09-08 07:21:47,771 [INFO] processor.main: Lecturas persistidas: 32800
2026-09-08 07:21:47,852 [INFO] processor.main: Lecturas persistidas: 32850
2026-09-08 07:21:47,931 [INFO] processor.main: Lecturas persistidas: 32900
2026-09-08 07:21:48,151 [INFO] processor.main: Lecturas persistidas: 32950
2026-09-08 07:21:48,342 [INFO] processor.main: Lecturas persistidas: 33000
2026-09-08 07:21:48,460 [INFO] processor.main: Lecturas persistidas: 33050
2026-09-08 07:21:48,605 [INFO] processor.main: Lecturas persistidas: 33100
2026-09-08 07:21:48,734 [INFO] processor.main: Lecturas persistidas: 33150
2026-09-08 07:21:48,901 [INFO] processor.main: Lecturas persistidas: 33200
2026-09-08 07:21:48,981 [INFO] processor.main: Lecturas persistidas: 33250
2026-09-08 07:21:49,060 [INFO] processor.main: Lecturas persistidas: 33300
2026-09-08 07:21:49,250 [INFO] processor.main: Lecturas persistidas: 33350
2026-09-08 07:21:49,394 [INFO] processor.main: Lecturas persistidas: 33400
2026-09-08 07:21:49,555 [INFO] processor.main: Lecturas persistidas: 33450
2026-09-08 07:21:49,696 [INFO] processor.main: Lecturas persistidas: 33500
2026-09-08 07:21:49,796 [INFO] processor.main: Lecturas persistidas: 33550
2026-09-08 07:21:49,936 [INFO] processor.main: Lecturas persistidas: 33600
2026-09-08 07:21:50,049 [INFO] processor.main: Lecturas persistidas: 33650
2026-09-08 07:21:50,186 [INFO] processor.main: Lecturas persistidas: 33700
2026-09-08 07:21:50,307 [INFO] processor.main: Lecturas persistidas: 33750
2026-09-08 07:21:50,415 [INFO] processor.main: Lecturas persistidas: 33800
2026-09-08 07:21:50,605 [INFO] processor.main: Lecturas persistidas: 33850
2026-09-08 07:21:50,706 [INFO] processor.main: Lecturas persistidas: 33900
2026-09-08 07:21:50,918 [INFO] processor.main: Lecturas persistidas: 33950
2026-09-08 07:21:51,052 [INFO] processor.main: Lecturas persistidas: 34000
2026-09-08 07:21:51,127 [INFO] processor.main: Lecturas persistidas: 34050
2026-09-08 07:21:51,196 [INFO] processor.main: Lecturas persistidas: 34100
2026-09-08 07:21:51,357 [INFO] processor.main: Lecturas persistidas: 34150
2026-09-08 07:21:51,504 [INFO] processor.main: Lecturas persistidas: 34200
2026-09-08 07:21:51,652 [INFO] processor.main: Lecturas persistidas: 34250
2026-09-08 07:21:51,733 [INFO] processor.main: Lecturas persistidas: 34300
2026-09-08 07:21:51,834 [INFO] processor.main: Lecturas persistidas: 34350
2026-09-08 07:21:51,930 [INFO] processor.main: Lecturas persistidas: 34400
2026-09-08 07:21:51,989 [INFO] processor.main: Lecturas persistidas: 34450
2026-09-08 07:21:52,057 [INFO] processor.main: Lecturas persistidas: 34500
2026-09-08 07:21:52,121 [INFO] processor.main: Lecturas persistidas: 34550
2026-09-08 07:21:52,200 [INFO] processor.main: Lecturas persistidas: 34600
2026-09-08 07:21:52,339 [INFO] processor.main: Lecturas persistidas: 34650
2026-09-08 07:21:52,497 [INFO] processor.main: Lecturas persistidas: 34700
2026-09-08 07:21:52,661 [INFO] processor.main: Lecturas persistidas: 34750
2026-09-08 07:21:52,720 [INFO] processor.main: Lecturas persistidas: 34800
2026-09-08 07:21:53,055 [INFO] processor.main: Lecturas persistidas: 34850
2026-09-08 07:21:53,218 [INFO] processor.main: Lecturas persistidas: 34900
2026-09-08 07:21:53,365 [INFO] processor.main: Lecturas persistidas: 34950
2026-09-08 07:21:53,439 [INFO] processor.main: Lecturas persistidas: 35000
2026-09-08 07:21:53,548 [INFO] processor.main: Lecturas persistidas: 35050
2026-09-08 07:21:53,759 [INFO] processor.main: Lecturas persistidas: 35100
2026-09-08 07:21:53,879 [INFO] processor.main: Lecturas persistidas: 35150
2026-09-08 07:21:54,040 [INFO] processor.main: Lecturas persistidas: 35200
2026-09-08 07:21:54,133 [INFO] processor.main: Lecturas persistidas: 35250
2026-09-08 07:21:54,207 [INFO] processor.main: Lecturas persistidas: 35300
2026-09-08 07:21:54,288 [INFO] processor.main: Lecturas persistidas: 35350
2026-09-08 07:21:54,360 [INFO] processor.main: Lecturas persistidas: 35400
2026-09-08 07:21:54,437 [INFO] processor.main: Lecturas persistidas: 35450
2026-09-08 07:21:54,538 [INFO] processor.main: Lecturas persistidas: 35500
2026-09-08 07:21:54,616 [INFO] processor.main: Lecturas persistidas: 35550
2026-09-08 07:21:54,675 [INFO] processor.main: Lecturas persistidas: 35600
2026-09-08 07:21:54,764 [INFO] processor.main: Lecturas persistidas: 35650
2026-09-08 07:21:54,916 [INFO] processor.main: Lecturas persistidas: 35700
2026-09-08 07:21:55,039 [INFO] processor.main: Lecturas persistidas: 35750
2026-09-08 07:21:55,129 [INFO] processor.main: Lecturas persistidas: 35800
2026-09-08 07:21:55,284 [INFO] processor.main: Lecturas persistidas: 35850
2026-09-08 07:21:55,402 [INFO] processor.main: Lecturas persistidas: 35900
2026-09-08 07:21:55,567 [INFO] processor.main: Lecturas persistidas: 35950
{"kind": "metrics", "tag": "", "client_id": "hyrox-processor-processor-54d87668b6-4msnn-1e9f1e", "ts": "2026-09-08T07:21:55.612769+00:00", "window_s": 10.009, "consumed": 4053, "acked": 4133, "errors": 0, "thr_consumed_s": 404.9, "thr_acked_s": 412.9, "lat_transport_ms": {"n": 4053, "mean": 450.58, "p50": 462.42, "p95": 626.31, "p99": 670.06, "max": 705.28}, "lat_persist_ms": {"n": 4133, "mean": 481.12, "p50": 482.03, "p95": 733.03, "p99": 807.43, "max": 1037.16}, "total_consumed": 35970, "total_acked": 35848, "total_errors": 0}
2026-09-08 07:21:55,730 [INFO] processor.main: Lecturas persistidas: 36000
2026-09-08 07:21:55,937 [INFO] processor.main: Lecturas persistidas: 36050
2026-09-08 07:21:56,048 [INFO] processor.main: Lecturas persistidas: 36100
2026-09-08 07:21:56,189 [INFO] processor.main: Lecturas persistidas: 36150
2026-09-08 07:21:56,308 [INFO] processor.main: Lecturas persistidas: 36200
2026-09-08 07:21:56,432 [INFO] processor.main: Lecturas persistidas: 36250
2026-09-08 07:21:56,503 [INFO] processor.main: Lecturas persistidas: 36300
2026-09-08 07:21:56,564 [INFO] processor.main: Lecturas persistidas: 36350
2026-09-08 07:21:56,643 [INFO] processor.main: Lecturas persistidas: 36400
2026-09-08 07:21:56,788 [INFO] processor.main: Lecturas persistidas: 36450
2026-09-08 07:21:56,945 [INFO] processor.main: Lecturas persistidas: 36500
2026-09-08 07:21:57,050 [INFO] processor.main: Lecturas persistidas: 36550
2026-09-08 07:21:57,153 [INFO] processor.main: Lecturas persistidas: 36600
2026-09-08 07:21:57,280 [INFO] processor.main: Lecturas persistidas: 36650
2026-09-08 07:21:57,409 [INFO] processor.main: Lecturas persistidas: 36700
2026-09-08 07:21:57,563 [INFO] processor.main: Lecturas persistidas: 36750
2026-09-08 07:21:57,696 [INFO] processor.main: Lecturas persistidas: 36800
2026-09-08 07:21:58,064 [INFO] processor.main: Lecturas persistidas: 36850
2026-09-08 07:21:58,125 [INFO] processor.main: Lecturas persistidas: 36900
2026-09-08 07:21:58,200 [INFO] processor.main: Lecturas persistidas: 36950
2026-09-08 07:21:58,267 [INFO] processor.main: Lecturas persistidas: 37000
2026-09-08 07:21:58,327 [INFO] processor.main: Lecturas persistidas: 37050
2026-09-08 07:21:58,401 [INFO] processor.main: Lecturas persistidas: 37100
2026-09-08 07:21:58,520 [INFO] processor.main: Lecturas persistidas: 37150
2026-09-08 07:21:58,660 [INFO] processor.main: Lecturas persistidas: 37200
2026-09-08 07:21:58,780 [INFO] processor.main: Lecturas persistidas: 37250
2026-09-08 07:21:58,890 [INFO] processor.main: Lecturas persistidas: 37300
2026-09-08 07:21:59,031 [INFO] processor.main: Lecturas persistidas: 37350
2026-09-08 07:21:59,122 [INFO] processor.main: Lecturas persistidas: 37400
2026-09-08 07:21:59,257 [INFO] processor.main: Lecturas persistidas: 37450
2026-09-08 07:21:59,374 [INFO] processor.main: Lecturas persistidas: 37500
2026-09-08 07:21:59,529 [INFO] processor.main: Lecturas persistidas: 37550
2026-09-08 07:21:59,678 [INFO] processor.main: Lecturas persistidas: 37600
2026-09-08 07:21:59,832 [INFO] processor.main: Lecturas persistidas: 37650
2026-09-08 07:21:59,977 [INFO] processor.main: Lecturas persistidas: 37700
2026-09-08 07:22:00,061 [INFO] processor.main: Lecturas persistidas: 37750
2026-09-08 07:22:00,169 [INFO] processor.main: Lecturas persistidas: 37800
2026-09-08 07:22:00,267 [INFO] processor.main: Lecturas persistidas: 37850
2026-09-08 07:22:00,392 [INFO] processor.main: Lecturas persistidas: 37900
2026-09-08 07:22:00,527 [INFO] processor.main: Lecturas persistidas: 37950
2026-09-08 07:22:00,668 [INFO] processor.main: Lecturas persistidas: 38000
2026-09-08 07:22:00,829 [INFO] processor.main: Lecturas persistidas: 38050
2026-09-08 07:22:00,923 [INFO] processor.main: Lecturas persistidas: 38100
2026-09-08 07:22:01,029 [INFO] processor.main: Lecturas persistidas: 38150
2026-09-08 07:22:01,144 [INFO] processor.main: Lecturas persistidas: 38200
2026-09-08 07:22:01,273 [INFO] processor.main: Lecturas persistidas: 38250
2026-09-08 07:22:01,404 [INFO] processor.main: Lecturas persistidas: 38300
2026-09-08 07:22:01,542 [INFO] processor.main: Lecturas persistidas: 38350
2026-09-08 07:22:01,702 [INFO] processor.main: Lecturas persistidas: 38400
2026-09-08 07:22:01,800 [INFO] processor.main: Lecturas persistidas: 38450
2026-09-08 07:22:01,955 [INFO] processor.main: Lecturas persistidas: 38500
2026-09-08 07:22:02,101 [INFO] processor.main: Lecturas persistidas: 38550
2026-09-08 07:22:02,196 [INFO] processor.main: Lecturas persistidas: 38600
2026-09-08 07:22:02,299 [INFO] processor.main: Lecturas persistidas: 38650
2026-09-08 07:22:02,417 [INFO] processor.main: Lecturas persistidas: 38700
2026-09-08 07:22:02,569 [INFO] processor.main: Lecturas persistidas: 38750
2026-09-08 07:22:02,684 [INFO] processor.main: Lecturas persistidas: 38800
2026-09-08 07:22:02,818 [INFO] processor.main: Lecturas persistidas: 38850
2026-09-08 07:22:02,957 [INFO] processor.main: Lecturas persistidas: 38900
2026-09-08 07:22:03,087 [INFO] processor.main: Lecturas persistidas: 38950
2026-09-08 07:22:03,218 [INFO] processor.main: Lecturas persistidas: 39000
2026-09-08 07:22:03,360 [INFO] processor.main: Lecturas persistidas: 39050
2026-09-08 07:22:03,510 [INFO] processor.main: Lecturas persistidas: 39100
2026-09-08 07:22:03,660 [INFO] processor.main: Lecturas persistidas: 39150
2026-09-08 07:22:03,799 [INFO] processor.main: Lecturas persistidas: 39200
2026-09-08 07:22:03,949 [INFO] processor.main: Lecturas persistidas: 39250
2026-09-08 07:22:04,108 [INFO] processor.main: Lecturas persistidas: 39300
2026-09-08 07:22:04,251 [INFO] processor.main: Lecturas persistidas: 39350
2026-09-08 07:22:04,413 [INFO] processor.main: Lecturas persistidas: 39400
2026-09-08 07:22:04,572 [INFO] processor.main: Lecturas persistidas: 39450
2026-09-08 07:22:04,744 [INFO] processor.main: Lecturas persistidas: 39500
2026-09-08 07:22:04,911 [INFO] processor.main: Lecturas persistidas: 39550
2026-09-08 07:22:05,068 [INFO] processor.main: Lecturas persistidas: 39600
2026-09-08 07:22:05,206 [INFO] processor.main: Lecturas persistidas: 39650
2026-09-08 07:22:05,409 [INFO] processor.main: Lecturas persistidas: 39700
2026-09-08 07:22:05,615 [INFO] processor.main: Lecturas persistidas: 39750
{"kind": "metrics", "tag": "", "client_id": "hyrox-processor-processor-54d87668b6-4msnn-1e9f1e", "ts": "2026-09-08T07:22:05.631731+00:00", "window_s": 10.016, "consumed": 3787, "acked": 3718, "errors": 0, "thr_consumed_s": 378.1, "thr_acked_s": 371.2, "lat_transport_ms": {"n": 3787, "mean": 260.2, "p50": 236.22, "p95": 396.37, "p99": 508.07, "max": 551.48}, "lat_persist_ms": {"n": 3718, "mean": 455.7, "p50": 452.84, "p95": 696.13, "p99": 750.94, "max": 877.85}, "total_consumed": 39757, "total_acked": 39566, "total_errors": 0}
2026-09-08 07:22:05,796 [INFO] processor.main: Lecturas persistidas: 39800
2026-09-08 07:22:05,956 [INFO] processor.main: Lecturas persistidas: 39850
2026-09-08 07:22:06,150 [INFO] processor.main: Lecturas persistidas: 39900
2026-09-08 07:22:06,351 [INFO] processor.main: Lecturas persistidas: 39950
2026-09-08 07:22:06,558 [INFO] processor.main: Lecturas persistidas: 40000
2026-09-08 07:22:06,781 [INFO] processor.main: Lecturas persistidas: 40050
2026-09-08 07:22:07,021 [INFO] processor.main: Lecturas persistidas: 40100
2026-09-08 07:22:07,296 [INFO] processor.main: Lecturas persistidas: 40150
2026-09-08 07:22:07,564 [INFO] processor.main: Lecturas persistidas: 40200
2026-09-08 07:22:07,890 [INFO] processor.main: Lecturas persistidas: 40250
2026-09-08 07:22:08,206 [INFO] processor.main: Lecturas persistidas: 40300
2026-09-08 07:22:08,595 [INFO] processor.main: Lecturas persistidas: 40350
2026-09-08 07:22:09,044 [INFO] processor.main: Lecturas persistidas: 40400
2026-09-08 07:22:09,647 [INFO] processor.main: Lecturas persistidas: 40450
2026-09-08 07:22:10,439 [INFO] processor.main: Lecturas persistidas: 40500
2026-09-08 07:22:12,138 [INFO] processor.main: Lecturas persistidas: 40550
{"kind": "metrics", "tag": "", "client_id": "hyrox-processor-processor-54d87668b6-4msnn-1e9f1e", "ts": "2026-09-08T07:22:15.646938+00:00", "window_s": 10.012, "consumed": 816, "acked": 969, "errors": 0, "thr_consumed_s": 81.5, "thr_acked_s": 96.8, "lat_transport_ms": {"n": 816, "mean": 215.26, "p50": 209.05, "p95": 259.6, "p99": 318.76, "max": 351.87}, "lat_persist_ms": {"n": 969, "mean": 609.93, "p50": 545.34, "p95": 1276.19, "p99": 1927.79, "max": 2372.76}, "total_consumed": 40573, "total_acked": 40535, "total_errors": 0}
{"kind": "metrics", "tag": "", "client_id": "hyrox-processor-processor-54d87668b6-4msnn-1e9f1e", "ts": "2026-09-08T07:22:25.654746+00:00", "window_s": 10.007, "consumed": 0, "acked": 0, "errors": 0, "thr_consumed_s": 0.0, "thr_acked_s": 0.0, "lat_transport_ms": null, "lat_persist_ms": null, "total_consumed": 40573, "total_acked": 40535, "total_errors": 0}
{"kind": "metrics", "tag": "", "client_id": "hyrox-processor-processor-54d87668b6-4msnn-1e9f1e", "ts": "2026-09-08T07:22:35.676635+00:00", "window_s": 10.022, "consumed": 0, "acked": 0, "errors": 0, "thr_consumed_s": 0.0, "thr_acked_s": 0.0, "lat_transport_ms": null, "lat_persist_ms": null, "total_consumed": 40573, "total_acked": 40535, "total_errors": 0}
{"kind": "metrics", "tag": "", "client_id": "hyrox-processor-processor-54d87668b6-4msnn-1e9f1e", "ts": "2026-09-08T07:22:45.677591+00:00", "window_s": 10.001, "consumed": 0, "acked": 0, "errors": 0, "thr_consumed_s": 0.0, "thr_acked_s": 0.0, "lat_transport_ms": null, "lat_persist_ms": null, "total_consumed": 40573, "total_acked": 40535, "total_errors": 0}
{"kind": "metrics", "tag": "", "client_id": "hyrox-processor-processor-54d87668b6-4msnn-1e9f1e", "ts": "2026-09-08T07:22:55.680991+00:00", "window_s": 10.003, "consumed": 0, "acked": 0, "errors": 0, "thr_consumed_s": 0.0, "thr_acked_s": 0.0, "lat_transport_ms": null, "lat_persist_ms": null, "total_consumed": 40573, "total_acked": 40535, "total_errors": 0}
{"kind": "metrics", "tag": "", "client_id": "hyrox-processor-processor-54d87668b6-4msnn-1e9f1e", "ts": "2026-09-08T07:23:05.687554+00:00", "window_s": 10.006, "consumed": 0, "acked": 0, "errors": 0, "thr_consumed_s": 0.0, "thr_acked_s": 0.0, "lat_transport_ms": null, "lat_persist_ms": null, "total_consumed": 40573, "total_acked": 40535, "total_errors": 0}
{"kind": "metrics", "tag": "", "client_id": "hyrox-processor-processor-54d87668b6-4msnn-1e9f1e", "ts": "2026-09-08T07:23:15.692113+00:00", "window_s": 10.004, "consumed": 0, "acked": 0, "errors": 0, "thr_consumed_s": 0.0, "thr_acked_s": 0.0, "lat_transport_ms": null, "lat_persist_ms": null, "total_consumed": 40573, "total_acked": 40535, "total_errors": 0}
{"kind": "metrics", "tag": "", "client_id": "hyrox-processor-processor-54d87668b6-4msnn-1e9f1e", "ts": "2026-09-08T07:23:25.766861+00:00", "window_s": 10.075, "consumed": 0, "acked": 0, "errors": 0, "thr_consumed_s": 0.0, "thr_acked_s": 0.0, "lat_transport_ms": null, "lat_persist_ms": null, "total_consumed": 40573, "total_acked": 40535, "total_errors": 0}
{"kind": "metrics", "tag": "", "client_id": "hyrox-processor-processor-54d87668b6-4msnn-1e9f1e", "ts": "2026-09-08T07:23:35.773613+00:00", "window_s": 10.007, "consumed": 0, "acked": 0, "errors": 0, "thr_consumed_s": 0.0, "thr_acked_s": 0.0, "lat_transport_ms": null, "lat_persist_ms": null, "total_consumed": 40573, "total_acked": 40535, "total_errors": 0}
{"kind": "metrics", "tag": "", "client_id": "hyrox-processor-processor-54d87668b6-4msnn-1e9f1e", "ts": "2026-09-08T07:23:45.776796+00:00", "window_s": 10.003, "consumed": 0, "acked": 0, "errors": 0, "thr_consumed_s": 0.0, "thr_acked_s": 0.0, "lat_transport_ms": null, "lat_persist_ms": null, "total_consumed": 40573, "total_acked": 40535, "total_errors": 0}
{"kind": "metrics", "tag": "", "client_id": "hyrox-processor-processor-54d87668b6-4msnn-1e9f1e", "ts": "2026-09-08T07:23:55.780251+00:00", "window_s": 10.003, "consumed": 0, "acked": 0, "errors": 0, "thr_consumed_s": 0.0, "thr_acked_s": 0.0, "lat_transport_ms": null, "lat_persist_ms": null, "total_consumed": 40573, "total_acked": 40535, "total_errors": 0}
{"kind": "metrics", "tag": "", "client_id": "hyrox-processor-processor-54d87668b6-4msnn-1e9f1e", "ts": "2026-09-08T07:24:05.781140+00:00", "window_s": 10.001, "consumed": 0, "acked": 0, "errors": 0, "thr_consumed_s": 0.0, "thr_acked_s": 0.0, "lat_transport_ms": null, "lat_persist_ms": null, "total_consumed": 40573, "total_acked": 40535, "total_errors": 0}
{"kind": "metrics", "tag": "", "client_id": "hyrox-processor-processor-54d87668b6-4msnn-1e9f1e", "ts": "2026-09-08T07:24:15.785450+00:00", "window_s": 10.004, "consumed": 0, "acked": 0, "errors": 0, "thr_consumed_s": 0.0, "thr_acked_s": 0.0, "lat_transport_ms": null, "lat_persist_ms": null, "total_consumed": 40573, "total_acked": 40535, "total_errors": 0}
{"kind": "metrics", "tag": "", "client_id": "hyrox-processor-processor-54d87668b6-4msnn-1e9f1e", "ts": "2026-09-08T07:24:25.787770+00:00", "window_s": 10.002, "consumed": 0, "acked": 0, "errors": 0, "thr_consumed_s": 0.0, "thr_acked_s": 0.0, "lat_transport_ms": null, "lat_persist_ms": null, "total_consumed": 40573, "total_acked": 40535, "total_errors": 0}
{"kind": "metrics", "tag": "", "client_id": "hyrox-processor-processor-54d87668b6-4msnn-1e9f1e", "ts": "2026-09-08T07:24:35.789270+00:00", "window_s": 10.001, "consumed": 0, "acked": 0, "errors": 0, "thr_consumed_s": 0.0, "thr_acked_s": 0.0, "lat_transport_ms": null, "lat_persist_ms": null, "total_consumed": 40573, "total_acked": 40535, "total_errors": 0}
2026-09-08 07:24:37,560 [INFO] processor.main: Procesador detenido. Total persistido: 40573
{"kind": "metrics", "tag": "", "client_id": "hyrox-processor-processor-54d87668b6-4msnn-1e9f1e", "ts": "2026-09-08T07:24:37.561529+00:00", "window_s": 1.772, "consumed": 0, "acked": 0, "errors": 0, "thr_consumed_s": 0.0, "thr_acked_s": 0.0, "lat_transport_ms": null, "lat_persist_ms": null, "total_consumed": 40573, "total_acked": 40535, "total_errors": 0, "final": true}
